[main be419dc] Daily SEO pages update 2026-05-14
 Committer: Brent DuBose <brentdubose@Brents-Mac-mini.local>
Your name and email address were configured automatically based
on your username and hostname. Please check that they are accurate.
You can suppress this message by setting them explicitly. Run the
following command and follow the instructions in your editor to edit
your configuration file:

    git config --global --edit

After doing this, you may fix the identity used for this commit with:

    git commit --amend --reset-author

 30 files changed, 2919 insertions(+), 1299 deletions(-)
 create mode 100644 idle-sites/ai-agency-pricing-calculator/cost-of-hiring-an-ai-agency-2026.html
 create mode 100644 idle-sites/deploy-ai-agency-pricing-calculator/cost-of-hiring-an-ai-agency-2026.html
 create mode 100644 idle-sites/deploy-findaiagency/best-ai-agencies-for-small-business-2026.html
 create mode 100644 idle-sites/deploy-mybusiness-ai-audit/small-business-ai-opportunities-2026.html
 create mode 100644 idle-sites/deploy-ozempic-providers-2026/compounded-semaglutide-legality-2026.html
 create mode 100644 idle-sites/deploy-tariff-calculator-2026/import-duty-calculation-explained-2026.html
 create mode 100644 idle-sites/findaiagency/best-ai-agencies-for-small-business-2026.html
 create mode 100644 idle-sites/mybusiness-ai-audit/small-business-ai-opportunities-2026.html
 create mode 100644 idle-sites/ozempic-providers-2026/compounded-semaglutide-legality-2026.html
 create mode 100644 idle-sites/tariff-calculator-2026/import-duty-calculation-explained-2026.html
 create mode 100644 logs/git.log
 create mode 100644 logs/sitemap.log
