Deploying idle site blogs (preserving existing articles)...
  Deploying 7 articles to blog-findaiagency...
  ✅ blog-findaiagency: 7 articles deployed
  Deploying 9 articles to blog-aiagencycalc...
  ✅ blog-aiagencycalc: 9 articles deployed
  Deploying 6 articles to blog-mybusinessaudit...
  ✅ blog-mybusinessaudit: 6 articles deployed
  Deploying 6 articles to blog-ozempicproviders...
  ✅ blog-ozempicproviders: 6 articles deployed
  Deploying 6 articles to blog-tariffcalculator...
  ✅ blog-tariffcalculator: 6 articles deployed

Summary:
  ✅ blog-findaiagency
  ✅ blog-aiagencycalc
  ✅ blog-mybusinessaudit
  ✅ blog-ozempicproviders
  ✅ blog-tariffcalculator
Deploying idle site blogs (preserving existing articles)...
  Deploying 8 articles to blog-findaiagency...
  ✅ blog-findaiagency: 8 articles deployed
  Deploying 10 articles to blog-aiagencycalc...
  ✅ blog-aiagencycalc: 10 articles deployed
  Deploying 7 articles to blog-mybusinessaudit...
  ✅ blog-mybusinessaudit: 7 articles deployed
  Deploying 7 articles to blog-ozempicproviders...
  ✅ blog-ozempicproviders: 7 articles deployed
  Deploying 7 articles to blog-tariffcalculator...
  ✅ blog-tariffcalculator: 7 articles deployed

Summary:
  ✅ blog-findaiagency
  ✅ blog-aiagencycalc
  ✅ blog-mybusinessaudit
  ✅ blog-ozempicproviders
  ✅ blog-tariffcalculator
Deploying idle site blogs (preserving existing articles)...
  Deploying 8 articles to blog-findaiagency...
  ✅ blog-findaiagency: 8 articles deployed
  Deploying 10 articles to blog-aiagencycalc...
  ✅ blog-aiagencycalc: 10 articles deployed
  Deploying 7 articles to blog-mybusinessaudit...
  ✅ blog-mybusinessaudit: 7 articles deployed
  Deploying 7 articles to blog-ozempicproviders...
  ✅ blog-ozempicproviders: 7 articles deployed
  Deploying 7 articles to blog-tariffcalculator...
  ✅ blog-tariffcalculator: 7 articles deployed

Summary:
  ✅ blog-findaiagency
  ✅ blog-aiagencycalc
  ✅ blog-mybusinessaudit
  ✅ blog-ozempicproviders
  ✅ blog-tariffcalculator
Deploying idle site blogs (preserving existing articles)...
  Deploying 8 articles to blog-findaiagency...
  ✅ blog-findaiagency: 8 articles deployed
  Deploying 10 articles to blog-aiagencycalc...
  ✅ blog-aiagencycalc: 10 articles deployed
  Deploying 7 articles to blog-mybusinessaudit...
  ✅ blog-mybusinessaudit: 7 articles deployed
  Deploying 7 articles to blog-ozempicproviders...
  ✅ blog-ozempicproviders: 7 articles deployed
  Deploying 7 articles to blog-tariffcalculator...
  ✅ blog-tariffcalculator: 7 articles deployed

Summary:
  ✅ blog-findaiagency
  ✅ blog-aiagencycalc
  ✅ blog-mybusinessaudit
  ✅ blog-ozempicproviders
  ✅ blog-tariffcalculator
Deploying idle site blogs (preserving existing articles)...
  Deploying 8 articles to blog-findaiagency...
  ✅ blog-findaiagency: 8 articles deployed
  Deploying 10 articles to blog-aiagencycalc...
  ✅ blog-aiagencycalc: 10 articles deployed
  Deploying 7 articles to blog-mybusinessaudit...
  ✅ blog-mybusinessaudit: 7 articles deployed
  Deploying 7 articles to blog-ozempicproviders...
  ✅ blog-ozempicproviders: 7 articles deployed
  Deploying 7 articles to blog-tariffcalculator...
  ✅ blog-tariffcalculator: 7 articles deployed

Summary:
  ✅ blog-findaiagency
  ✅ blog-aiagencycalc
  ✅ blog-mybusinessaudit
  ✅ blog-ozempicproviders
  ✅ blog-tariffcalculator
Deploying idle site blogs (preserving existing articles)...
  Deploying 8 articles to blog-findaiagency...
  ✅ blog-findaiagency: 8 articles deployed
  Deploying 10 articles to blog-aiagencycalc...
  ✅ blog-aiagencycalc: 10 articles deployed
  Deploying 7 articles to blog-mybusinessaudit...
  ✅ blog-mybusinessaudit: 7 articles deployed
  Deploying 7 articles to blog-ozempicproviders...
  ✅ blog-ozempicproviders: 7 articles deployed
  Deploying 7 articles to blog-tariffcalculator...
  ✅ blog-tariffcalculator: 7 articles deployed

Summary:
  ✅ blog-findaiagency
  ✅ blog-aiagencycalc
  ✅ blog-mybusinessaudit
  ✅ blog-ozempicproviders
  ✅ blog-tariffcalculator
Deploying idle site blogs (preserving existing articles)...
  Deploying 8 articles to blog-findaiagency...
  ✅ blog-findaiagency: 8 articles deployed
  Deploying 10 articles to blog-aiagencycalc...
  ✅ blog-aiagencycalc: 10 articles deployed
  Deploying 7 articles to blog-mybusinessaudit...
  ✅ blog-mybusinessaudit: 7 articles deployed
  Deploying 7 articles to blog-ozempicproviders...
  ✅ blog-ozempicproviders: 7 articles deployed
  Deploying 7 articles to blog-tariffcalculator...
  ✅ blog-tariffcalculator: 7 articles deployed

Summary:
  ✅ blog-findaiagency
  ✅ blog-aiagencycalc
  ✅ blog-mybusinessaudit
  ✅ blog-ozempicproviders
  ✅ blog-tariffcalculator
Deploying idle site blogs (preserving existing articles)...
  Deploying 9 articles to blog-findaiagency...
  ✅ blog-findaiagency: 9 articles deployed
  Deploying 11 articles to blog-aiagencycalc...
  ✅ blog-aiagencycalc: 11 articles deployed
  Deploying 8 articles to blog-mybusinessaudit...
Traceback (most recent call last):
  File "/Users/brentdubose/.hermes/scripts/deploy-idle-blogs.py", line 109, in <module>
    main()
  File "/Users/brentdubose/.hermes/scripts/deploy-idle-blogs.py", line 100, in main
    ok = deploy(site_key, local_dir, project)
  File "/Users/brentdubose/.hermes/scripts/deploy-idle-blogs.py", line 82, in deploy
    result = subprocess.run(
  File "/Library/Developer/CommandLineTools/Library/Frameworks/Python3.framework/Versions/3.9/lib/python3.9/subprocess.py", line 507, in run
    stdout, stderr = process.communicate(input, timeout=timeout)
  File "/Library/Developer/CommandLineTools/Library/Frameworks/Python3.framework/Versions/3.9/lib/python3.9/subprocess.py", line 1134, in communicate
    stdout, stderr = self._communicate(input, endtime, timeout)
  File "/Library/Developer/CommandLineTools/Library/Frameworks/Python3.framework/Versions/3.9/lib/python3.9/subprocess.py", line 1980, in _communicate
    self._check_timeout(endtime, orig_timeout, stdout, stderr)
  File "/Library/Developer/CommandLineTools/Library/Frameworks/Python3.framework/Versions/3.9/lib/python3.9/subprocess.py", line 1178, in _check_timeout
    raise TimeoutExpired(
subprocess.TimeoutExpired: Command '['npx', 'wrangler', 'pages', 'deploy', '/Users/brentdubose/seo-pages/idle-sites/deploy-mybusiness-ai-audit', '--project-name', 'blog-mybusinessaudit', '--branch', 'main']' timed out after 60 seconds
