Generating content for: findaiagency, ai-agency-pricing-calculator, mybusiness-ai-audit, ozempic-providers-2026, tariff-calculator-2026 (day 4)

findaiagency.com → [5/7] AI automation ROI for small business...
  Saved: ai-automation-roi-for-small-business.html

aiagencycalculator.com → [5/7] AI automation ROI calculator guide...
  Saved: ai-automation-roi-calculator-guide.html

mybusinessaiaudit.com → [5/7] AI automation checklist for 2026...
  Saved: ai-automation-checklist-for-2026.html

ozempicproviders.com → [5/7] GLP-1 weight loss medication guide 2026...
  Saved: glp-1-weight-loss-medication-guide-2026.html

tariffcalculator2026.com → [5/7] China tariff rates 2026 explained...
  Saved: china-tariff-rates-2026-explained.html


=== SUMMARY ===
Generated 5 articles across 5 sites
  findaiagency.com/ai-automation-roi-for-small-business.html
  aiagencycalculator.com/ai-automation-roi-calculator-guide.html
  mybusinessaiaudit.com/ai-automation-checklist-for-2026.html
  ozempicproviders.com/glp-1-weight-loss-medication-guide-2026.html
  tariffcalculator2026.com/china-tariff-rates-2026-explained.html
Generating content for: findaiagency, ai-agency-pricing-calculator, mybusiness-ai-audit, ozempic-providers-2026, tariff-calculator-2026 (day 5)

findaiagency.com → [6/7] what does an AI automation agency do...
  Saved: what-does-an-ai-automation-agency-do.html

aiagencycalculator.com → [6/7] monthly retainer vs project pricing AI...
  Saved: monthly-retainer-vs-project-pricing-ai.html

mybusinessaiaudit.com → [6/7] signs your business needs AI automation...
  Saved: signs-your-business-needs-ai-automation.html

ozempicproviders.com → [6/7] Ozempic side effects what to know...
  Saved: ozempic-side-effects-what-to-know.html

tariffcalculator2026.com → [6/7] how to calculate import duties from China...
  Saved: how-to-calculate-import-duties-from-china.html


=== SUMMARY ===
Generated 5 articles across 5 sites
  findaiagency.com/what-does-an-ai-automation-agency-do.html
  aiagencycalculator.com/monthly-retainer-vs-project-pricing-ai.html
  mybusinessaiaudit.com/signs-your-business-needs-ai-automation.html
  ozempicproviders.com/ozempic-side-effects-what-to-know.html
  tariffcalculator2026.com/how-to-calculate-import-duties-from-china.html
Generating content for: findaiagency, ai-agency-pricing-calculator, mybusiness-ai-audit, ozempic-providers-2026, tariff-calculator-2026 (day 6)

findaiagency.com → [7/7] AI agency contract tips what to look for...
  Saved: ai-agency-contract-tips-what-to-look-for.html

aiagencycalculator.com → [7/7] hidden costs of AI automation...
  Saved: hidden-costs-of-ai-automation.html

mybusinessaiaudit.com → [7/7] free AI audit tools for small business...
  Saved: free-ai-audit-tools-for-small-business.html

ozempicproviders.com → [7/7] where to buy Ozempic online safely 2026...
  Saved: where-to-buy-ozempic-online-safely-2026.html

tariffcalculator2026.com → [7/7] tariff exemption list 2026 what products are exemp...
  Saved: tariff-exemption-list-2026-what-products-are-exempt.html


=== SUMMARY ===
Generated 5 articles across 5 sites
  findaiagency.com/ai-agency-contract-tips-what-to-look-for.html
  aiagencycalculator.com/hidden-costs-of-ai-automation.html
  mybusinessaiaudit.com/free-ai-audit-tools-for-small-business.html
  ozempicproviders.com/where-to-buy-ozempic-online-safely-2026.html
  tariffcalculator2026.com/tariff-exemption-list-2026-what-products-are-exempt.html
Generating content for: findaiagency, ai-agency-pricing-calculator, mybusiness-ai-audit, ozempic-providers-2026, tariff-calculator-2026 (day 0)

findaiagency.com → [1/7] how much does an AI agency cost in 2026...
  Saved: how-much-does-an-ai-agency-cost-in-2026.html

aiagencycalculator.com → [1/7] AI automation pricing guide 2026...
  Saved: ai-automation-pricing-guide-2026.html

mybusinessaiaudit.com → [1/7] is my business ready for AI...
  Saved: is-my-business-ready-for-ai.html

ozempicproviders.com → [1/7] how to get Ozempic prescription online 2026...
  Saved: how-to-get-ozempic-prescription-online-2026.html

tariffcalculator2026.com → [1/7] US tariff rates 2026 by country...
  Saved: us-tariff-rates-2026-by-country.html


=== SUMMARY ===
Generated 5 articles across 5 sites
  findaiagency.com/how-much-does-an-ai-agency-cost-in-2026.html
  aiagencycalculator.com/ai-automation-pricing-guide-2026.html
  mybusinessaiaudit.com/is-my-business-ready-for-ai.html
  ozempicproviders.com/how-to-get-ozempic-prescription-online-2026.html
  tariffcalculator2026.com/us-tariff-rates-2026-by-country.html
Generating content for: findaiagency, ai-agency-pricing-calculator, mybusiness-ai-audit, ozempic-providers-2026, tariff-calculator-2026 (day 1)

findaiagency.com → [2/7] how to choose an AI automation agency...
  Saved: how-to-choose-an-ai-automation-agency.html

aiagencycalculator.com → [2/7] how to budget for AI automation...
  Saved: how-to-budget-for-ai-automation.html

mybusinessaiaudit.com → [2/7] AI readiness assessment guide...
  Saved: ai-readiness-assessment-guide.html

ozempicproviders.com → [2/7] Ozempic cost without insurance 2026...
  Saved: ozempic-cost-without-insurance-2026.html

tariffcalculator2026.com → [2/7] how tariffs affect small business imports...
  Saved: how-tariffs-affect-small-business-imports.html


=== SUMMARY ===
Generated 5 articles across 5 sites
  findaiagency.com/how-to-choose-an-ai-automation-agency.html
  aiagencycalculator.com/how-to-budget-for-ai-automation.html
  mybusinessaiaudit.com/ai-readiness-assessment-guide.html
  ozempicproviders.com/ozempic-cost-without-insurance-2026.html
  tariffcalculator2026.com/how-tariffs-affect-small-business-imports.html
Generating content for: findaiagency, ai-agency-pricing-calculator, mybusiness-ai-audit, ozempic-providers-2026, tariff-calculator-2026 (day 2)

findaiagency.com → [3/7] AI agency vs building in-house automation...
  Saved: ai-agency-vs-building-in-house-automation.html

aiagencycalculator.com → [3/7] AI agency pricing models explained...
  Saved: ai-agency-pricing-models-explained.html

mybusinessaiaudit.com → [3/7] how to audit your business for AI automation...
  Saved: how-to-audit-your-business-for-ai-automation.html

ozempicproviders.com → [3/7] Ozempic vs Wegovy vs Mounjaro 2026...
  Saved: ozempic-vs-wegovy-vs-mounjaro-2026.html

tariffcalculator2026.com → [3/7] tariff classification guide 2026...
  Saved: tariff-classification-guide-2026.html


=== SUMMARY ===
Generated 5 articles across 5 sites
  findaiagency.com/ai-agency-vs-building-in-house-automation.html
  aiagencycalculator.com/ai-agency-pricing-models-explained.html
  mybusinessaiaudit.com/how-to-audit-your-business-for-ai-automation.html
  ozempicproviders.com/ozempic-vs-wegovy-vs-mounjaro-2026.html
  tariffcalculator2026.com/tariff-classification-guide-2026.html
Generating content for: findaiagency, ai-agency-pricing-calculator, mybusiness-ai-audit, ozempic-providers-2026, tariff-calculator-2026 (day 3)

findaiagency.com → [4/7] best AI agencies for small business 2026...
  Saved: best-ai-agencies-for-small-business-2026.html

aiagencycalculator.com → [4/7] cost of hiring an AI agency 2026...
  Saved: cost-of-hiring-an-ai-agency-2026.html

mybusinessaiaudit.com → [4/7] small business AI opportunities 2026...
  Saved: small-business-ai-opportunities-2026.html

ozempicproviders.com → [4/7] compounded semaglutide legality 2026...
  Saved: compounded-semaglutide-legality-2026.html

tariffcalculator2026.com → [4/7] import duty calculation explained 2026...
  Saved: import-duty-calculation-explained-2026.html


=== SUMMARY ===
Generated 5 articles across 5 sites
  findaiagency.com/best-ai-agencies-for-small-business-2026.html
  aiagencycalculator.com/cost-of-hiring-an-ai-agency-2026.html
  mybusinessaiaudit.com/small-business-ai-opportunities-2026.html
  ozempicproviders.com/compounded-semaglutide-legality-2026.html
  tariffcalculator2026.com/import-duty-calculation-explained-2026.html
Generating content for: findaiagency, ai-agency-pricing-calculator, mybusiness-ai-audit, ozempic-providers-2026, tariff-calculator-2026 (day 4)

findaiagency.com → [5/7] AI automation ROI for small business...
  Saved: ai-automation-roi-for-small-business.html

aiagencycalculator.com → [5/7] AI automation ROI calculator guide...
  Saved: ai-automation-roi-calculator-guide.html

mybusinessaiaudit.com → [5/7] AI automation checklist for 2026...
  Saved: ai-automation-checklist-for-2026.html

ozempicproviders.com → [5/7] GLP-1 weight loss medication guide 2026...
  Saved: glp-1-weight-loss-medication-guide-2026.html

tariffcalculator2026.com → [5/7] China tariff rates 2026 explained...
  Saved: china-tariff-rates-2026-explained.html


=== SUMMARY ===
Generated 5 articles across 5 sites
  findaiagency.com/ai-automation-roi-for-small-business.html
  aiagencycalculator.com/ai-automation-roi-calculator-guide.html
  mybusinessaiaudit.com/ai-automation-checklist-for-2026.html
  ozempicproviders.com/glp-1-weight-loss-medication-guide-2026.html
  tariffcalculator2026.com/china-tariff-rates-2026-explained.html
Generating content for: findaiagency, ai-agency-pricing-calculator, mybusiness-ai-audit, ozempic-providers-2026, tariff-calculator-2026 (day 0)

findaiagency.com → [1/7] how much does an AI agency cost in 2026...
  Saved: how-much-does-an-ai-agency-cost-in-2026.html

aiagencycalculator.com → [1/7] AI automation pricing guide 2026...
  Saved: ai-automation-pricing-guide-2026.html

mybusinessaiaudit.com → [1/7] is my business ready for AI...
  Saved: is-my-business-ready-for-ai.html

ozempicproviders.com → [1/7] how to get Ozempic prescription online 2026...
  Saved: how-to-get-ozempic-prescription-online-2026.html

tariffcalculator2026.com → [1/7] US tariff rates 2026 by country...
  Saved: us-tariff-rates-2026-by-country.html


=== SUMMARY ===
Generated 5 articles across 5 sites
  findaiagency.com/how-much-does-an-ai-agency-cost-in-2026.html
  aiagencycalculator.com/ai-automation-pricing-guide-2026.html
  mybusinessaiaudit.com/is-my-business-ready-for-ai.html
  ozempicproviders.com/how-to-get-ozempic-prescription-online-2026.html
  tariffcalculator2026.com/us-tariff-rates-2026-by-country.html
Generating content for: findaiagency, ai-agency-pricing-calculator, mybusiness-ai-audit, ozempic-providers-2026, tariff-calculator-2026 (day 1)

findaiagency.com → [2/7] how to choose an AI automation agency...
  Saved: how-to-choose-an-ai-automation-agency.html

aiagencycalculator.com → [2/7] how to budget for AI automation...
  Saved: how-to-budget-for-ai-automation.html

mybusinessaiaudit.com → [2/7] AI readiness assessment guide...
  Saved: ai-readiness-assessment-guide.html

ozempicproviders.com → [2/7] Ozempic cost without insurance 2026...
  Saved: ozempic-cost-without-insurance-2026.html

tariffcalculator2026.com → [2/7] how tariffs affect small business imports...
  Saved: how-tariffs-affect-small-business-imports.html


=== SUMMARY ===
Generated 5 articles across 5 sites
  findaiagency.com/how-to-choose-an-ai-automation-agency.html
  aiagencycalculator.com/how-to-budget-for-ai-automation.html
  mybusinessaiaudit.com/ai-readiness-assessment-guide.html
  ozempicproviders.com/ozempic-cost-without-insurance-2026.html
  tariffcalculator2026.com/how-tariffs-affect-small-business-imports.html
Generating content for: findaiagency, ai-agency-pricing-calculator, mybusiness-ai-audit, ozempic-providers-2026, tariff-calculator-2026 (day 2)

findaiagency.com → [3/7] AI agency vs building in-house automation...
  Saved: ai-agency-vs-building-in-house-automation.html

aiagencycalculator.com → [3/7] AI agency pricing models explained...
  Saved: ai-agency-pricing-models-explained.html

mybusinessaiaudit.com → [3/7] how to audit your business for AI automation...
  Saved: how-to-audit-your-business-for-ai-automation.html

ozempicproviders.com → [3/7] Ozempic vs Wegovy vs Mounjaro 2026...
  Saved: ozempic-vs-wegovy-vs-mounjaro-2026.html

tariffcalculator2026.com → [3/7] tariff classification guide 2026...
  Saved: tariff-classification-guide-2026.html


=== SUMMARY ===
Generated 5 articles across 5 sites
  findaiagency.com/ai-agency-vs-building-in-house-automation.html
  aiagencycalculator.com/ai-agency-pricing-models-explained.html
  mybusinessaiaudit.com/how-to-audit-your-business-for-ai-automation.html
  ozempicproviders.com/ozempic-vs-wegovy-vs-mounjaro-2026.html
  tariffcalculator2026.com/tariff-classification-guide-2026.html
Generating content for: findaiagency, ai-agency-pricing-calculator, mybusiness-ai-audit, ozempic-providers-2026, tariff-calculator-2026 (day 3)

findaiagency.com → [4/7] best AI agencies for small business 2026...
  Saved: best-ai-agencies-for-small-business-2026.html

aiagencycalculator.com → [4/7] cost of hiring an AI agency 2026...
  Saved: cost-of-hiring-an-ai-agency-2026.html

mybusinessaiaudit.com → [4/7] small business AI opportunities 2026...
  Saved: small-business-ai-opportunities-2026.html

ozempicproviders.com → [4/7] compounded semaglutide legality 2026...
  Saved: compounded-semaglutide-legality-2026.html

tariffcalculator2026.com → [4/7] import duty calculation explained 2026...
  Saved: import-duty-calculation-explained-2026.html


=== SUMMARY ===
Generated 5 articles across 5 sites
  findaiagency.com/best-ai-agencies-for-small-business-2026.html
  aiagencycalculator.com/cost-of-hiring-an-ai-agency-2026.html
  mybusinessaiaudit.com/small-business-ai-opportunities-2026.html
  ozempicproviders.com/compounded-semaglutide-legality-2026.html
  tariffcalculator2026.com/import-duty-calculation-explained-2026.html
🚀 Top Tier Content Pipeline — 2026-05-21 08:20
Generating for: findaiagency, ai-agency-pricing-calculator, mybusiness-ai-audit, ozempic-providers-2026, tariff-calculator-2026

📝 findaiagency.com → small business AI tools that actually save money...
  Researching topic...
  Generating article...
  ✅ Generated: 2479 words, 15 H2s, 📊 table, ❓ FAQ (6 items)
  Final: 3408 total words | Schema: ✅
  ✅ Deployed: small-business-ai-tools-that-actually-save-money.html → blog-findaiagency

📝 aiagencycalculator.com → freelance AI developer vs agency pricing comparison...
  Researching topic...
  Generating article...
  ✅ Generated: 2204 words, 10 H2s, 📊 table, ❓ FAQ (6 items)
  Final: 3197 total words | Schema: ✅
  ✅ Deployed: freelance-ai-developer-vs-agency-pricing-comparison.html → blog-aiagencycalc

📝 mybusinessaiaudit.com → service business AI readiness scoring system...
  Researching topic...
  Generating article...
  ✅ Generated: 2612 words, 10 H2s, 📊 table, ❓ FAQ (6 items)
  Final: 3552 total words | Schema: ✅
  ✅ Deployed: service-business-ai-readiness-scoring-system.html → blog-mybusinessaudit

📝 ozempicproviders.com → semaglutide dosage titration guide for beginners...
  Researching topic...
  Generating article...
  ✅ Generated: 2436 words, 12 H2s, 📊 table, ❓ FAQ (6 items)
  Final: 3298 total words | Schema: ✅
  ✅ Deployed: semaglutide-dosage-titration-guide-for-beginners.html → blog-ozempicproviders

📝 tariffcalculator2026.com → tariffs on electronics imports from Asia 2026...
  Researching topic...
  Generating article...
  ✅ Generated: 1995 words, 11 H2s, 📊 table, ❓ FAQ (6 items)
  Final: 2914 total words | Schema: ✅
  ✅ Deployed: tariffs-on-electronics-imports-from-asia-2026.html → blog-tariffcalculator

==================================================
✅ Complete: 5 articles
🎯 Quality pass rate: 5/5
  ✅ findaiagency.com/small-business-ai-tools-that-actually-save-money — 2479w | 📊 table | ❓ FAQ (6)
  ✅ aiagencycalculator.com/freelance-ai-developer-vs-agency-pricing-comparison — 2204w | 📊 table | ❓ FAQ (6)
  ✅ mybusinessaiaudit.com/service-business-ai-readiness-scoring-system — 2612w | 📊 table | ❓ FAQ (6)
  ✅ ozempicproviders.com/semaglutide-dosage-titration-guide-for-beginners — 2436w | 📊 table | ❓ FAQ (6)
  ✅ tariffcalculator2026.com/tariffs-on-electronics-imports-from-asia-2026 — 1995w | 📊 table | ❓ FAQ (6)
