=== catch-up start Fri Sep  4 11:43:25 EDT 2026 ===
--- ai-agency-pricing-calculator 11:43 ---
🚀 ALL SITES Content Pipeline — 2026-09-04 11:43
Sites: 1 (1 content + 0 rent)
Parallelism: 4 workers (was sequential — 7 sites per 10-min window; now ~23)

==================================================
📝 aiagencycalculator.com → AI automation ROI calculator guide...
  Researching...
  Generating...
❌ FAILED ai-agency-pricing-calculator
--- mybusiness-ai-audit 11:48 ---
🚀 ALL SITES Content Pipeline — 2026-09-04 11:48
Sites: 1 (1 content + 0 rent)
Parallelism: 4 workers (was sequential — 7 sites per 10-min window; now ~23)

==================================================
📝 mybusinessaiaudit.com → AI automation checklist for 2026...
  Researching...
  Generating...
❌ FAILED mybusiness-ai-audit
--- tariff-calculator-2026 11:53 ---
🚀 ALL SITES Content Pipeline — 2026-09-04 11:53
Sites: 1 (1 content + 0 rent)
Parallelism: 4 workers (was sequential — 7 sites per 10-min window; now ~23)

==================================================
📝 tariffcalculator2026.com → China tariff rates 2026 explained...
  Researching...
  Generating...
❌ FAILED tariff-calculator-2026
--- auto-body-repair 11:58 ---
🚀 ALL SITES Content Pipeline — 2026-09-04 11:58
Sites: 1 (0 content + 1 rent)
Parallelism: 4 workers (was sequential — 7 sites per 10-min window; now ~23)

==================================================
🏠 autobodyrepairpros.com → frame damage repair safety considerations...
  Researching...
❌ FAILED auto-body-repair
--- bookkeeping-services 12:03 ---
🚀 ALL SITES Content Pipeline — 2026-09-04 12:03
Sites: 1 (0 content + 1 rent)
Parallelism: 4 workers (was sequential — 7 sites per 10-min window; now ~23)

==================================================
🏠 bookkeepingservicespros.com → accounts receivable management best practices...
  Researching...
  Generating...
  ✅ 3951w, 12 H2s, 📊 table, ❓ FAQ (6)
  sitemap regenerated: 48 urls
  ✅ bookkeepingservicespros.com/blog/accounts-receivable-management-best-practices/ → bookkeeping-services

==================================================
✅ COMPLETE: 1 articles
  Content sites: 0/0 deployed
  Rent/R&R sites: 1/1 deployed
🎯 Quality pass: 1/1
--- divorce-lawyer 12:04 ---
🚀 ALL SITES Content Pipeline — 2026-09-04 12:04
Sites: 1 (0 content + 1 rent)
Parallelism: 4 workers (was sequential — 7 sites per 10-min window; now ~23)

==================================================
🏠 divorcelawyerpros.com → how long does a divorce take in each state...
  Researching...
  Generating...
  ✅ 3141w, 11 H2s, 📊 table, ❓ FAQ (6)
  sitemap regenerated: 48 urls
  ✅ divorcelawyerpros.com/blog/how-long-does-a-divorce-take-in-each-state/ → divorce-lawyer

==================================================
✅ COMPLETE: 1 articles
  Content sites: 0/0 deployed
  Rent/R&R sites: 1/1 deployed
🎯 Quality pass: 1/1
--- ev-charger 12:06 ---
🚀 ALL SITES Content Pipeline — 2026-09-04 12:06
Sites: 1 (0 content + 1 rent)
Parallelism: 4 workers (was sequential — 7 sites per 10-min window; now ~23)

==================================================
🏠 electricehiclechargerpros.com → commercial EV charging station ROI analysis...
  Researching...
  Generating...
❌ FAILED ev-charger
--- handyman-services 12:11 ---
🚀 ALL SITES Content Pipeline — 2026-09-04 12:11
Sites: 1 (0 content + 1 rent)
Parallelism: 4 workers (was sequential — 7 sites per 10-min window; now ~23)

==================================================
🏠 handymanservicespros.com → furniture assembly service cost comparison...
  Researching...
❌ FAILED handyman-services
--- mobile-treeremoval 12:16 ---
🚀 ALL SITES Content Pipeline — 2026-09-04 12:16
Sites: 1 (0 content + 1 rent)
Parallelism: 4 workers (was sequential — 7 sites per 10-min window; now ~23)

==================================================
🏠 mobiletreeremoval.com → signs a tree needs to be removed for safety...
  Researching...
❌ FAILED mobile-treeremoval
--- personal-injury-attorney 12:21 ---
🚀 ALL SITES Content Pipeline — 2026-09-04 12:21
Sites: 1 (0 content + 1 rent)
Parallelism: 4 workers (was sequential — 7 sites per 10-min window; now ~23)

==================================================
🏠 personalinjuryattorneypros.com → how long do I have to file a personal injury claim...
  Researching...
  Generating...
  ✅ 4641w, 16 H2s, 📊 table, ❓ FAQ (6)
  sitemap regenerated: 47 urls
  ✅ personalinjuryattorneypros.com/blog/how-long-do-i-have-to-file-a-personal-injury-claim/ → personal-injury-attorney

==================================================
✅ COMPLETE: 1 articles
  Content sites: 0/0 deployed
  Rent/R&R sites: 1/1 deployed
🎯 Quality pass: 1/1
--- reno-generators 12:22 ---
🚀 ALL SITES Content Pipeline — 2026-09-04 12:22
Sites: 1 (0 content + 1 rent)
Parallelism: 4 workers (was sequential — 7 sites per 10-min window; now ~23)

==================================================
🏠 generatorinstallationreno.com → generator maintenance schedule for reliability...
  Researching...
  Generating...
  ✅ 3647w, 12 H2s, 📊 table, ❓ FAQ (6)
  sitemap regenerated: 49 urls
  ✅ generatorinstallationreno.com/blog/generator-maintenance-schedule-for-reliability/ → reno-generator

==================================================
✅ COMPLETE: 1 articles
  Content sites: 0/0 deployed
  Rent/R&R sites: 1/1 deployed
🎯 Quality pass: 1/1
--- smart-lighting 12:25 ---
🚀 ALL SITES Content Pipeline — 2026-09-04 12:25
Sites: 1 (0 content + 1 rent)
Parallelism: 4 workers (was sequential — 7 sites per 10-min window; now ~23)

==================================================
🏠 smartlightingpros.com → smart light switch installation DIY guide...
  Researching...
  Generating...
❌ FAILED smart-lighting
--- solar-panel-install 12:30 ---
🚀 ALL SITES Content Pipeline — 2026-09-04 12:30
Sites: 1 (0 content + 1 rent)
Parallelism: 4 workers (was sequential — 7 sites per 10-min window; now ~23)

==================================================
🏠 solarpanelinstallpros.com → solar panel payback period calculation...
  Researching...
❌ FAILED solar-panel-install
--- sump-pump-plumbers 12:35 ---
🚀 ALL SITES Content Pipeline — 2026-09-04 12:35
Sites: 1 (0 content + 1 rent)
Parallelism: 4 workers (was sequential — 7 sites per 10-min window; now ~23)

==================================================
🏠 sumpumpplumbers.com → sump pump maintenance before rainy season...
  Researching...
❌ FAILED sump-pump-plumbers
--- tax-preparation 12:40 ---
🚀 ALL SITES Content Pipeline — 2026-09-04 12:40
Sites: 1 (0 content + 1 rent)
Parallelism: 4 workers (was sequential — 7 sites per 10-min window; now ~23)

==================================================
🏠 taxpreparationpros.com → standard deduction vs itemizing which is better...
  Researching...
❌ FAILED tax-preparation
--- tire-shop 12:45 ---
🚀 ALL SITES Content Pipeline — 2026-09-04 12:45
Sites: 1 (0 content + 1 rent)
Parallelism: 4 workers (was sequential — 7 sites per 10-min window; now ~23)

==================================================
🏠 tireshoppros.com → run flat tires pros and cons...
  Researching...
❌ FAILED tire-shop
--- tulsa-septic 12:50 ---
🚀 ALL SITES Content Pipeline — 2026-09-04 12:50
Sites: 1 (0 content + 1 rent)
Parallelism: 4 workers (was sequential — 7 sites per 10-min window; now ~23)

==================================================
🏠 tulsaseptic.com → septic drain field repair vs replacement...
  Researching...
  Generating...
❌ FAILED tulsa-septic
--- veterinary 12:55 ---
🚀 ALL SITES Content Pipeline — 2026-09-04 12:55
Sites: 1 (0 content + 1 rent)
Parallelism: 4 workers (was sequential — 7 sites per 10-min window; now ~23)

==================================================
🏠 veterinarypros.com → senior pet care special needs checklist...
  Researching...
  Generating...
❌ FAILED veterinary
=== catch-up done Fri Sep  4 13:00:38 EDT 2026 ===
